// Jest Snapshot v1, https://goo.gl/fbAQLP

exports[`Should render Edit expense page correctly 1`] = `
<div>
  <h2>
    Edit Expense Page
  </h2>
  <ExpenseForm
    expense={
      Object {
        "amount": 18000,
        "createdAt": 0,
        "description": "Gum",
        "id": "1",
        "note": "",
      }
    }
    onSubmit={[Function]}
  />
  <button
    onClick={[Function]}
  >
    remove
  </button>
</div>
`;
