// Jest Snapshot v1, https://goo.gl/fbAQLP

exports[`Should render expense list with provided expenses 1`] = `
<div>
  <p>
    expense List 
  </p>
  <ExpenseItem
    amount={18000}
    createdAt={0}
    description="Gum"
    id="1"
    key="1"
    note=""
  />
  <ExpenseItem
    amount={50000}
    createdAt={-259200000}
    description="Rent"
    id="2"
    key="2"
    note=""
  />
  <ExpenseItem
    amount={19000}
    createdAt={345600000}
    description="Car Credit"
    id="3"
    key="3"
    note=""
  />
</div>
`;

exports[`Should render without expense list 1`] = `
<div>
  <p>
    expense List 
  </p>
  <p>
    no expenses
  </p>
</div>
`;
